[2024-08-09T15:13:47.267+0200][gc] Using G1
[2024-08-09T15:13:47.271+0200][gc,init] Version: 17.0.12+7-Ubuntu-1ubuntu222.04 (release)
[2024-08-09T15:13:47.271+0200][gc,init] CPUs: 8 total, 8 available
[2024-08-09T15:13:47.271+0200][gc,init] Memory: 7863M
[2024-08-09T15:13:47.271+0200][gc,init] Large Page Support: Disabled
[2024-08-09T15:13:47.271+0200][gc,init] NUMA Support: Disabled
[2024-08-09T15:13:47.272+0200][gc,init] Compressed Oops: Enabled (32-bit)
[2024-08-09T15:13:47.272+0200][gc,init] Heap Region Size: 1M
[2024-08-09T15:13:47.272+0200][gc,init] Heap Min Capacity: 1G
[2024-08-09T15:13:47.272+0200][gc,init] Heap Initial Capacity: 1G
[2024-08-09T15:13:47.272+0200][gc,init] Heap Max Capacity: 1G
[2024-08-09T15:13:47.272+0200][gc,init] Pre-touch: Disabled
[2024-08-09T15:13:47.272+0200][gc,init] Parallel Workers: 8
[2024-08-09T15:13:47.272+0200][gc,init] Concurrent Workers: 2
[2024-08-09T15:13:47.273+0200][gc,init] Concurrent Refinement Workers: 8
[2024-08-09T15:13:47.273+0200][gc,init] Periodic GC: Disabled
[2024-08-09T15:13:47.276+0200][gc,metaspace] CDS archive(s) mapped at: [0x00007f4437000000-0x00007f4437bc4000-0x00007f4437bc4000), size 12337152, SharedBaseAddress: 0x00007f4437000000, ArchiveRelocationMode: 1.
[2024-08-09T15:13:47.276+0200][gc,metaspace] Compressed class space mapped at: 0x00007f4438000000-0x00007f4478000000, reserved size: 1073741824
[2024-08-09T15:13:47.277+0200][gc,metaspace] Narrow klass base: 0x00007f4437000000, Narrow klass shift: 0, Narrow klass range: 0x100000000
[2024-08-09T15:13:48.652+0200][gc,start    ] GC(0) Pause Young (Normal) (G1 Evacuation Pause)
[2024-08-09T15:13:48.653+0200][gc,task     ] GC(0) Using 8 workers of 8 for evacuation
[2024-08-09T15:13:48.659+0200][gc,phases   ] GC(0)   Pre Evacuate Collection Set: 0.1ms
[2024-08-09T15:13:48.660+0200][gc,phases   ] GC(0)   Merge Heap Roots: 0.1ms
[2024-08-09T15:13:48.660+0200][gc,phases   ] GC(0)   Evacuate Collection Set: 5.3ms
[2024-08-09T15:13:48.660+0200][gc,phases   ] GC(0)   Post Evacuate Collection Set: 0.6ms
[2024-08-09T15:13:48.660+0200][gc,phases   ] GC(0)   Other: 0.9ms
[2024-08-09T15:13:48.660+0200][gc,heap     ] GC(0) Eden regions: 51->0(44)
[2024-08-09T15:13:48.660+0200][gc,heap     ] GC(0) Survivor regions: 0->7(7)
[2024-08-09T15:13:48.660+0200][gc,heap     ] GC(0) Old regions: 0->2
[2024-08-09T15:13:48.660+0200][gc,heap     ] GC(0) Archive regions: 2->2
[2024-08-09T15:13:48.660+0200][gc,heap     ] GC(0) Humongous regions: 0->0
[2024-08-09T15:13:48.660+0200][gc,metaspace] GC(0) Metaspace: 18141K(18368K)->18141K(18368K) NonClass: 15951K(16064K)->15951K(16064K) Class: 2190K(2304K)->2190K(2304K)
[2024-08-09T15:13:48.660+0200][gc          ] GC(0) Pause Young (Normal) (G1 Evacuation Pause) 51M->9M(1024M) 8.094ms
[2024-08-09T15:13:48.661+0200][gc,cpu      ] GC(0) User=0.02s Sys=0.02s Real=0.01s
[2024-08-09T15:13:48.896+0200][gc,start    ] GC(1) Pause Young (Concurrent Start) (Metadata GC Threshold)
[2024-08-09T15:13:48.896+0200][gc,task     ] GC(1) Using 8 workers of 8 for evacuation
[2024-08-09T15:13:48.901+0200][gc,phases   ] GC(1)   Pre Evacuate Collection Set: 0.2ms
[2024-08-09T15:13:48.901+0200][gc,phases   ] GC(1)   Merge Heap Roots: 0.1ms
[2024-08-09T15:13:48.901+0200][gc,phases   ] GC(1)   Evacuate Collection Set: 3.9ms
[2024-08-09T15:13:48.901+0200][gc,phases   ] GC(1)   Post Evacuate Collection Set: 0.5ms
[2024-08-09T15:13:48.901+0200][gc,phases   ] GC(1)   Other: 0.3ms
[2024-08-09T15:13:48.901+0200][gc,heap     ] GC(1) Eden regions: 12->0(50)
[2024-08-09T15:13:48.902+0200][gc,heap     ] GC(1) Survivor regions: 7->1(7)
[2024-08-09T15:13:48.902+0200][gc,heap     ] GC(1) Old regions: 2->8
[2024-08-09T15:13:48.902+0200][gc,heap     ] GC(1) Archive regions: 2->2
[2024-08-09T15:13:48.902+0200][gc,heap     ] GC(1) Humongous regions: 0->0
[2024-08-09T15:13:48.902+0200][gc,metaspace] GC(1) Metaspace: 21329K(21504K)->21329K(21504K) NonClass: 18731K(18816K)->18731K(18816K) Class: 2597K(2688K)->2597K(2688K)
[2024-08-09T15:13:48.902+0200][gc          ] GC(1) Pause Young (Concurrent Start) (Metadata GC Threshold) 21M->9M(1024M) 5.998ms
[2024-08-09T15:13:48.902+0200][gc,cpu      ] GC(1) User=0.02s Sys=0.01s Real=0.00s
[2024-08-09T15:13:48.902+0200][gc          ] GC(2) Concurrent Mark Cycle
[2024-08-09T15:13:48.902+0200][gc,marking  ] GC(2) Concurrent Clear Claimed Marks
[2024-08-09T15:13:48.902+0200][gc,marking  ] GC(2) Concurrent Clear Claimed Marks 0.127ms
[2024-08-09T15:13:48.903+0200][gc,marking  ] GC(2) Concurrent Scan Root Regions
[2024-08-09T15:13:48.904+0200][gc,marking  ] GC(2) Concurrent Scan Root Regions 1.808ms
[2024-08-09T15:13:48.905+0200][gc,marking  ] GC(2) Concurrent Mark
[2024-08-09T15:13:48.905+0200][gc,marking  ] GC(2) Concurrent Mark From Roots
[2024-08-09T15:13:48.905+0200][gc,task     ] GC(2) Using 2 workers of 2 for marking
[2024-08-09T15:13:48.907+0200][gc,marking  ] GC(2) Concurrent Mark From Roots 1.831ms
[2024-08-09T15:13:48.907+0200][gc,marking  ] GC(2) Concurrent Preclean
[2024-08-09T15:13:48.907+0200][gc,marking  ] GC(2) Concurrent Preclean 0.167ms
[2024-08-09T15:13:48.907+0200][gc,start    ] GC(2) Pause Remark
[2024-08-09T15:13:48.908+0200][gc          ] GC(2) Pause Remark 10M->10M(1024M) 1.443ms
[2024-08-09T15:13:48.909+0200][gc,cpu      ] GC(2) User=0.00s Sys=0.00s Real=0.00s
[2024-08-09T15:13:48.909+0200][gc,marking  ] GC(2) Concurrent Mark 4.216ms
[2024-08-09T15:13:48.909+0200][gc,marking  ] GC(2) Concurrent Rebuild Remembered Sets
[2024-08-09T15:13:48.911+0200][gc,marking  ] GC(2) Concurrent Rebuild Remembered Sets 2.057ms
[2024-08-09T15:13:48.911+0200][gc,start    ] GC(2) Pause Cleanup
[2024-08-09T15:13:48.911+0200][gc          ] GC(2) Pause Cleanup 10M->10M(1024M) 0.326ms
[2024-08-09T15:13:48.912+0200][gc,cpu      ] GC(2) User=0.00s Sys=0.00s Real=0.00s
[2024-08-09T15:13:48.912+0200][gc,marking  ] GC(2) Concurrent Cleanup for Next Mark
[2024-08-09T15:13:48.914+0200][gc,marking  ] GC(2) Concurrent Cleanup for Next Mark 2.236ms
[2024-08-09T15:13:48.914+0200][gc          ] GC(2) Concurrent Mark Cycle 11.883ms
[2024-08-09T15:13:49.707+0200][gc,start    ] GC(3) Pause Young (Normal) (G1 Evacuation Pause)
[2024-08-09T15:13:49.707+0200][gc,task     ] GC(3) Using 8 workers of 8 for evacuation
[2024-08-09T15:13:49.711+0200][gc,phases   ] GC(3)   Pre Evacuate Collection Set: 0.2ms
[2024-08-09T15:13:49.711+0200][gc,phases   ] GC(3)   Merge Heap Roots: 0.1ms
[2024-08-09T15:13:49.711+0200][gc,phases   ] GC(3)   Evacuate Collection Set: 2.5ms
[2024-08-09T15:13:49.711+0200][gc,phases   ] GC(3)   Post Evacuate Collection Set: 0.5ms
[2024-08-09T15:13:49.711+0200][gc,phases   ] GC(3)   Other: 0.3ms
[2024-08-09T15:13:49.711+0200][gc,heap     ] GC(3) Eden regions: 50->0(45)
[2024-08-09T15:13:49.711+0200][gc,heap     ] GC(3) Survivor regions: 1->6(7)
[2024-08-09T15:13:49.711+0200][gc,heap     ] GC(3) Old regions: 8->8
[2024-08-09T15:13:49.712+0200][gc,heap     ] GC(3) Archive regions: 2->2
[2024-08-09T15:13:49.712+0200][gc,heap     ] GC(3) Humongous regions: 129->129
[2024-08-09T15:13:49.712+0200][gc,metaspace] GC(3) Metaspace: 32831K(33088K)->32831K(33088K) NonClass: 29107K(29248K)->29107K(29248K) Class: 3723K(3840K)->3723K(3840K)
[2024-08-09T15:13:49.712+0200][gc          ] GC(3) Pause Young (Normal) (G1 Evacuation Pause) 188M->143M(1024M) 4.935ms
[2024-08-09T15:13:49.712+0200][gc,cpu      ] GC(3) User=0.02s Sys=0.00s Real=0.00s
[2024-08-09T15:13:49.876+0200][gc,start    ] GC(4) Pause Young (Concurrent Start) (Metadata GC Threshold)
[2024-08-09T15:13:49.876+0200][gc,task     ] GC(4) Using 8 workers of 8 for evacuation
[2024-08-09T15:13:49.881+0200][gc,phases   ] GC(4)   Pre Evacuate Collection Set: 0.2ms
[2024-08-09T15:13:49.882+0200][gc,phases   ] GC(4)   Merge Heap Roots: 0.1ms
[2024-08-09T15:13:49.882+0200][gc,phases   ] GC(4)   Evacuate Collection Set: 4.0ms
[2024-08-09T15:13:49.882+0200][gc,phases   ] GC(4)   Post Evacuate Collection Set: 0.7ms
[2024-08-09T15:13:49.882+0200][gc,phases   ] GC(4)   Other: 0.4ms
[2024-08-09T15:13:49.882+0200][gc,heap     ] GC(4) Eden regions: 14->0(49)
[2024-08-09T15:13:49.882+0200][gc,heap     ] GC(4) Survivor regions: 6->2(7)
[2024-08-09T15:13:49.882+0200][gc,heap     ] GC(4) Old regions: 8->14
[2024-08-09T15:13:49.882+0200][gc,heap     ] GC(4) Archive regions: 2->2
[2024-08-09T15:13:49.883+0200][gc,heap     ] GC(4) Humongous regions: 129->129
[2024-08-09T15:13:49.883+0200][gc,metaspace] GC(4) Metaspace: 35799K(36096K)->35799K(36096K) NonClass: 31661K(31808K)->31661K(31808K) Class: 4138K(4288K)->4138K(4288K)
[2024-08-09T15:13:49.883+0200][gc          ] GC(4) Pause Young (Concurrent Start) (Metadata GC Threshold) 157M->144M(1024M) 6.824ms
[2024-08-09T15:13:49.883+0200][gc,cpu      ] GC(4) User=0.02s Sys=0.01s Real=0.00s
[2024-08-09T15:13:49.883+0200][gc          ] GC(5) Concurrent Mark Cycle
[2024-08-09T15:13:49.883+0200][gc,marking  ] GC(5) Concurrent Clear Claimed Marks
[2024-08-09T15:13:49.883+0200][gc,marking  ] GC(5) Concurrent Clear Claimed Marks 0.154ms
[2024-08-09T15:13:49.883+0200][gc,marking  ] GC(5) Concurrent Scan Root Regions
[2024-08-09T15:13:49.886+0200][gc,marking  ] GC(5) Concurrent Scan Root Regions 2.494ms
[2024-08-09T15:13:49.886+0200][gc,marking  ] GC(5) Concurrent Mark
[2024-08-09T15:13:49.886+0200][gc,marking  ] GC(5) Concurrent Mark From Roots
[2024-08-09T15:13:49.886+0200][gc,task     ] GC(5) Using 2 workers of 2 for marking
[2024-08-09T15:13:49.891+0200][gc,marking  ] GC(5) Concurrent Mark From Roots 4.434ms
[2024-08-09T15:13:49.891+0200][gc,marking  ] GC(5) Concurrent Preclean
[2024-08-09T15:13:49.891+0200][gc,marking  ] GC(5) Concurrent Preclean 0.184ms
[2024-08-09T15:13:49.891+0200][gc,start    ] GC(5) Pause Remark
[2024-08-09T15:13:49.893+0200][gc          ] GC(5) Pause Remark 145M->145M(1024M) 1.555ms
[2024-08-09T15:13:49.893+0200][gc,cpu      ] GC(5) User=0.01s Sys=0.00s Real=0.00s
[2024-08-09T15:13:49.893+0200][gc,marking  ] GC(5) Concurrent Mark 7.155ms
[2024-08-09T15:13:49.893+0200][gc,marking  ] GC(5) Concurrent Rebuild Remembered Sets
[2024-08-09T15:13:49.897+0200][gc,marking  ] GC(5) Concurrent Rebuild Remembered Sets 3.185ms
[2024-08-09T15:13:49.897+0200][gc,start    ] GC(5) Pause Cleanup
[2024-08-09T15:13:49.897+0200][gc          ] GC(5) Pause Cleanup 145M->145M(1024M) 0.259ms
[2024-08-09T15:13:49.897+0200][gc,cpu      ] GC(5) User=0.00s Sys=0.00s Real=0.00s
[2024-08-09T15:13:49.897+0200][gc,marking  ] GC(5) Concurrent Cleanup for Next Mark
[2024-08-09T15:13:49.900+0200][gc,marking  ] GC(5) Concurrent Cleanup for Next Mark 2.764ms
[2024-08-09T15:13:49.900+0200][gc          ] GC(5) Concurrent Mark Cycle 17.292ms
[2024-08-09T15:14:07.166+0200][gc,heap,exit] Heap
[2024-08-09T15:14:07.167+0200][gc,heap,exit]  garbage-first heap   total 1048576K, used 171492K [0x00000000c0000000, 0x0000000100000000)
[2024-08-09T15:14:07.167+0200][gc,heap,exit]   region size 1024K, 25 young (25600K), 2 survivors (2048K)
[2024-08-09T15:14:07.167+0200][gc,heap,exit]  Metaspace       used 38863K, committed 39296K, reserved 1114112K
[2024-08-09T15:14:07.167+0200][gc,heap,exit]   class space    used 4718K, committed 4928K, reserved 1048576K
