[2024-08-09T15:12:58.864+0200][gc] Using G1
[2024-08-09T15:12:58.867+0200][gc,init] Version: 17.0.12+7-Ubuntu-1ubuntu222.04 (release)
[2024-08-09T15:12:58.867+0200][gc,init] CPUs: 8 total, 8 available
[2024-08-09T15:12:58.867+0200][gc,init] Memory: 7863M
[2024-08-09T15:12:58.868+0200][gc,init] Large Page Support: Disabled
[2024-08-09T15:12:58.868+0200][gc,init] NUMA Support: Disabled
[2024-08-09T15:12:58.868+0200][gc,init] Compressed Oops: Enabled (32-bit)
[2024-08-09T15:12:58.868+0200][gc,init] Heap Region Size: 1M
[2024-08-09T15:12:58.868+0200][gc,init] Heap Min Capacity: 1G
[2024-08-09T15:12:58.868+0200][gc,init] Heap Initial Capacity: 1G
[2024-08-09T15:12:58.868+0200][gc,init] Heap Max Capacity: 1G
[2024-08-09T15:12:58.869+0200][gc,init] Pre-touch: Disabled
[2024-08-09T15:12:58.869+0200][gc,init] Parallel Workers: 8
[2024-08-09T15:12:58.869+0200][gc,init] Concurrent Workers: 2
[2024-08-09T15:12:58.869+0200][gc,init] Concurrent Refinement Workers: 8
[2024-08-09T15:12:58.869+0200][gc,init] Periodic GC: Disabled
[2024-08-09T15:12:58.873+0200][gc,metaspace] CDS archive(s) mapped at: [0x00007fb453000000-0x00007fb453bc4000-0x00007fb453bc4000), size 12337152, SharedBaseAddress: 0x00007fb453000000, ArchiveRelocationMode: 1.
[2024-08-09T15:12:58.873+0200][gc,metaspace] Compressed class space mapped at: 0x00007fb454000000-0x00007fb494000000, reserved size: 1073741824
[2024-08-09T15:12:58.873+0200][gc,metaspace] Narrow klass base: 0x00007fb453000000, Narrow klass shift: 0, Narrow klass range: 0x100000000
[2024-08-09T15:13:00.165+0200][gc,start    ] GC(0) Pause Young (Normal) (G1 Evacuation Pause)
[2024-08-09T15:13:00.165+0200][gc,task     ] GC(0) Using 8 workers of 8 for evacuation
[2024-08-09T15:13:00.171+0200][gc,phases   ] GC(0)   Pre Evacuate Collection Set: 0.1ms
[2024-08-09T15:13:00.171+0200][gc,phases   ] GC(0)   Merge Heap Roots: 0.1ms
[2024-08-09T15:13:00.172+0200][gc,phases   ] GC(0)   Evacuate Collection Set: 4.8ms
[2024-08-09T15:13:00.172+0200][gc,phases   ] GC(0)   Post Evacuate Collection Set: 0.6ms
[2024-08-09T15:13:00.172+0200][gc,phases   ] GC(0)   Other: 1.0ms
[2024-08-09T15:13:00.172+0200][gc,heap     ] GC(0) Eden regions: 51->0(44)
[2024-08-09T15:13:00.172+0200][gc,heap     ] GC(0) Survivor regions: 0->7(7)
[2024-08-09T15:13:00.172+0200][gc,heap     ] GC(0) Old regions: 0->1
[2024-08-09T15:13:00.172+0200][gc,heap     ] GC(0) Archive regions: 2->2
[2024-08-09T15:13:00.172+0200][gc,heap     ] GC(0) Humongous regions: 0->0
[2024-08-09T15:13:00.172+0200][gc,metaspace] GC(0) Metaspace: 18142K(18368K)->18142K(18368K) NonClass: 15952K(16064K)->15952K(16064K) Class: 2190K(2304K)->2190K(2304K)
[2024-08-09T15:13:00.173+0200][gc          ] GC(0) Pause Young (Normal) (G1 Evacuation Pause) 51M->8M(1024M) 7.944ms
[2024-08-09T15:13:00.173+0200][gc,cpu      ] GC(0) User=0.03s Sys=0.01s Real=0.01s
[2024-08-09T15:13:00.385+0200][gc,start    ] GC(1) Pause Young (Concurrent Start) (Metadata GC Threshold)
[2024-08-09T15:13:00.385+0200][gc,task     ] GC(1) Using 8 workers of 8 for evacuation
[2024-08-09T15:13:00.390+0200][gc,phases   ] GC(1)   Pre Evacuate Collection Set: 0.2ms
[2024-08-09T15:13:00.391+0200][gc,phases   ] GC(1)   Merge Heap Roots: 0.1ms
[2024-08-09T15:13:00.391+0200][gc,phases   ] GC(1)   Evacuate Collection Set: 3.9ms
[2024-08-09T15:13:00.391+0200][gc,phases   ] GC(1)   Post Evacuate Collection Set: 0.7ms
[2024-08-09T15:13:00.391+0200][gc,phases   ] GC(1)   Other: 0.4ms
[2024-08-09T15:13:00.391+0200][gc,heap     ] GC(1) Eden regions: 13->0(49)
[2024-08-09T15:13:00.391+0200][gc,heap     ] GC(1) Survivor regions: 7->2(7)
[2024-08-09T15:13:00.391+0200][gc,heap     ] GC(1) Old regions: 1->8
[2024-08-09T15:13:00.392+0200][gc,heap     ] GC(1) Archive regions: 2->2
[2024-08-09T15:13:00.392+0200][gc,heap     ] GC(1) Humongous regions: 0->0
[2024-08-09T15:13:00.392+0200][gc,metaspace] GC(1) Metaspace: 21320K(21504K)->21320K(21504K) NonClass: 18744K(18816K)->18744K(18816K) Class: 2575K(2688K)->2575K(2688K)
[2024-08-09T15:13:00.392+0200][gc          ] GC(1) Pause Young (Concurrent Start) (Metadata GC Threshold) 21M->10M(1024M) 6.865ms
[2024-08-09T15:13:00.392+0200][gc,cpu      ] GC(1) User=0.04s Sys=0.00s Real=0.01s
[2024-08-09T15:13:00.392+0200][gc          ] GC(2) Concurrent Mark Cycle
[2024-08-09T15:13:00.392+0200][gc,marking  ] GC(2) Concurrent Clear Claimed Marks
[2024-08-09T15:13:00.392+0200][gc,marking  ] GC(2) Concurrent Clear Claimed Marks 0.146ms
[2024-08-09T15:13:00.393+0200][gc,marking  ] GC(2) Concurrent Scan Root Regions
[2024-08-09T15:13:00.394+0200][gc,marking  ] GC(2) Concurrent Scan Root Regions 1.856ms
[2024-08-09T15:13:00.395+0200][gc,marking  ] GC(2) Concurrent Mark
[2024-08-09T15:13:00.395+0200][gc,marking  ] GC(2) Concurrent Mark From Roots
[2024-08-09T15:13:00.395+0200][gc,task     ] GC(2) Using 2 workers of 2 for marking
[2024-08-09T15:13:00.396+0200][gc,marking  ] GC(2) Concurrent Mark From Roots 1.411ms
[2024-08-09T15:13:00.397+0200][gc,marking  ] GC(2) Concurrent Preclean
[2024-08-09T15:13:00.397+0200][gc,marking  ] GC(2) Concurrent Preclean 0.159ms
[2024-08-09T15:13:00.412+0200][gc,start    ] GC(2) Pause Remark
[2024-08-09T15:13:00.415+0200][gc          ] GC(2) Pause Remark 139M->139M(1024M) 2.616ms
[2024-08-09T15:13:00.415+0200][gc,cpu      ] GC(2) User=0.00s Sys=0.01s Real=0.00s
[2024-08-09T15:13:00.416+0200][gc,marking  ] GC(2) Concurrent Mark 20.798ms
[2024-08-09T15:13:00.416+0200][gc,marking  ] GC(2) Concurrent Rebuild Remembered Sets
[2024-08-09T15:13:00.416+0200][gc,marking  ] GC(2) Concurrent Rebuild Remembered Sets 0.296ms
[2024-08-09T15:13:00.416+0200][gc,start    ] GC(2) Pause Cleanup
[2024-08-09T15:13:00.417+0200][gc          ] GC(2) Pause Cleanup 139M->139M(1024M) 0.283ms
[2024-08-09T15:13:00.417+0200][gc,cpu      ] GC(2) User=0.00s Sys=0.00s Real=0.00s
[2024-08-09T15:13:00.417+0200][gc,marking  ] GC(2) Concurrent Cleanup for Next Mark
[2024-08-09T15:13:00.419+0200][gc,marking  ] GC(2) Concurrent Cleanup for Next Mark 2.208ms
[2024-08-09T15:13:00.420+0200][gc          ] GC(2) Concurrent Mark Cycle 27.517ms
[2024-08-09T15:13:01.114+0200][gc,start    ] GC(3) Pause Young (Normal) (GCLocker Initiated GC)
[2024-08-09T15:13:01.114+0200][gc,task     ] GC(3) Using 8 workers of 8 for evacuation
[2024-08-09T15:13:01.117+0200][gc,phases   ] GC(3)   Pre Evacuate Collection Set: 0.2ms
[2024-08-09T15:13:01.118+0200][gc,phases   ] GC(3)   Merge Heap Roots: 0.1ms
[2024-08-09T15:13:01.118+0200][gc,phases   ] GC(3)   Evacuate Collection Set: 2.5ms
[2024-08-09T15:13:01.118+0200][gc,phases   ] GC(3)   Post Evacuate Collection Set: 0.5ms
[2024-08-09T15:13:01.118+0200][gc,phases   ] GC(3)   Other: 0.3ms
[2024-08-09T15:13:01.118+0200][gc,heap     ] GC(3) Eden regions: 49->0(44)
[2024-08-09T15:13:01.118+0200][gc,heap     ] GC(3) Survivor regions: 2->7(7)
[2024-08-09T15:13:01.118+0200][gc,heap     ] GC(3) Old regions: 8->8
[2024-08-09T15:13:01.118+0200][gc,heap     ] GC(3) Archive regions: 2->2
[2024-08-09T15:13:01.118+0200][gc,heap     ] GC(3) Humongous regions: 129->129
[2024-08-09T15:13:01.119+0200][gc,metaspace] GC(3) Metaspace: 32675K(32896K)->32675K(32896K) NonClass: 28979K(29120K)->28979K(29120K) Class: 3696K(3776K)->3696K(3776K)
[2024-08-09T15:13:01.119+0200][gc          ] GC(3) Pause Young (Normal) (GCLocker Initiated GC) 188M->144M(1024M) 4.850ms
[2024-08-09T15:13:01.119+0200][gc,cpu      ] GC(3) User=0.03s Sys=0.00s Real=0.01s
[2024-08-09T15:13:03.283+0200][gc,start    ] GC(4) Pause Young (Concurrent Start) (Metadata GC Threshold)
[2024-08-09T15:13:03.283+0200][gc,task     ] GC(4) Using 8 workers of 8 for evacuation
[2024-08-09T15:13:03.289+0200][gc,phases   ] GC(4)   Pre Evacuate Collection Set: 0.2ms
[2024-08-09T15:13:03.290+0200][gc,phases   ] GC(4)   Merge Heap Roots: 0.1ms
[2024-08-09T15:13:03.290+0200][gc,phases   ] GC(4)   Evacuate Collection Set: 4.6ms
[2024-08-09T15:13:03.290+0200][gc,phases   ] GC(4)   Post Evacuate Collection Set: 0.9ms
[2024-08-09T15:13:03.290+0200][gc,phases   ] GC(4)   Other: 0.9ms
[2024-08-09T15:13:03.291+0200][gc,heap     ] GC(4) Eden regions: 14->0(49)
[2024-08-09T15:13:03.291+0200][gc,heap     ] GC(4) Survivor regions: 7->2(7)
[2024-08-09T15:13:03.291+0200][gc,heap     ] GC(4) Old regions: 8->15
[2024-08-09T15:13:03.291+0200][gc,heap     ] GC(4) Archive regions: 2->2
[2024-08-09T15:13:03.291+0200][gc,heap     ] GC(4) Humongous regions: 129->129
[2024-08-09T15:13:03.291+0200][gc,metaspace] GC(4) Metaspace: 35731K(35968K)->35731K(35968K) NonClass: 31642K(31744K)->31642K(31744K) Class: 4089K(4224K)->4089K(4224K)
[2024-08-09T15:13:03.291+0200][gc          ] GC(4) Pause Young (Concurrent Start) (Metadata GC Threshold) 157M->145M(1024M) 8.828ms
[2024-08-09T15:13:03.291+0200][gc,cpu      ] GC(4) User=0.03s Sys=0.00s Real=0.01s
[2024-08-09T15:13:03.292+0200][gc          ] GC(5) Concurrent Mark Cycle
[2024-08-09T15:13:03.292+0200][gc,marking  ] GC(5) Concurrent Clear Claimed Marks
[2024-08-09T15:13:03.292+0200][gc,marking  ] GC(5) Concurrent Clear Claimed Marks 0.133ms
[2024-08-09T15:13:03.292+0200][gc,marking  ] GC(5) Concurrent Scan Root Regions
[2024-08-09T15:13:03.294+0200][gc,marking  ] GC(5) Concurrent Scan Root Regions 1.784ms
[2024-08-09T15:13:03.294+0200][gc,marking  ] GC(5) Concurrent Mark
[2024-08-09T15:13:03.294+0200][gc,marking  ] GC(5) Concurrent Mark From Roots
[2024-08-09T15:13:03.294+0200][gc,task     ] GC(5) Using 2 workers of 2 for marking
[2024-08-09T15:13:03.297+0200][gc,marking  ] GC(5) Concurrent Mark From Roots 3.262ms
[2024-08-09T15:13:03.297+0200][gc,marking  ] GC(5) Concurrent Preclean
[2024-08-09T15:13:03.298+0200][gc,marking  ] GC(5) Concurrent Preclean 0.156ms
[2024-08-09T15:13:03.298+0200][gc,start    ] GC(5) Pause Remark
[2024-08-09T15:13:03.299+0200][gc          ] GC(5) Pause Remark 145M->145M(1024M) 1.293ms
[2024-08-09T15:13:03.299+0200][gc,cpu      ] GC(5) User=0.01s Sys=0.00s Real=0.00s
[2024-08-09T15:13:03.299+0200][gc,marking  ] GC(5) Concurrent Mark 5.340ms
[2024-08-09T15:13:03.299+0200][gc,marking  ] GC(5) Concurrent Rebuild Remembered Sets
[2024-08-09T15:13:03.303+0200][gc,marking  ] GC(5) Concurrent Rebuild Remembered Sets 3.268ms
[2024-08-09T15:13:03.303+0200][gc,start    ] GC(5) Pause Cleanup
[2024-08-09T15:13:03.303+0200][gc          ] GC(5) Pause Cleanup 146M->146M(1024M) 0.236ms
[2024-08-09T15:13:03.303+0200][gc,cpu      ] GC(5) User=0.00s Sys=0.00s Real=0.00s
[2024-08-09T15:13:03.303+0200][gc,marking  ] GC(5) Concurrent Cleanup for Next Mark
[2024-08-09T15:13:03.304+0200][gc,marking  ] GC(5) Concurrent Cleanup for Next Mark 1.224ms
[2024-08-09T15:13:03.305+0200][gc          ] GC(5) Concurrent Mark Cycle 13.097ms
[2024-08-09T15:13:45.002+0200][gc,heap,exit] Heap
[2024-08-09T15:13:45.002+0200][gc,heap,exit]  garbage-first heap   total 1048576K, used 175342K [0x00000000c0000000, 0x0000000100000000)
[2024-08-09T15:13:45.002+0200][gc,heap,exit]   region size 1024K, 29 young (29696K), 2 survivors (2048K)
[2024-08-09T15:13:45.002+0200][gc,heap,exit]  Metaspace       used 39620K, committed 40128K, reserved 1114112K
[2024-08-09T15:13:45.002+0200][gc,heap,exit]   class space    used 4851K, committed 5056K, reserved 1048576K
