[2024-08-09T15:10:23.424+0200][gc] Using G1
[2024-08-09T15:10:23.427+0200][gc,init] Version: 17.0.12+7-Ubuntu-1ubuntu222.04 (release)
[2024-08-09T15:10:23.427+0200][gc,init] CPUs: 8 total, 8 available
[2024-08-09T15:10:23.428+0200][gc,init] Memory: 7863M
[2024-08-09T15:10:23.428+0200][gc,init] Large Page Support: Disabled
[2024-08-09T15:10:23.428+0200][gc,init] NUMA Support: Disabled
[2024-08-09T15:10:23.428+0200][gc,init] Compressed Oops: Enabled (32-bit)
[2024-08-09T15:10:23.428+0200][gc,init] Heap Region Size: 1M
[2024-08-09T15:10:23.428+0200][gc,init] Heap Min Capacity: 1G
[2024-08-09T15:10:23.428+0200][gc,init] Heap Initial Capacity: 1G
[2024-08-09T15:10:23.428+0200][gc,init] Heap Max Capacity: 1G
[2024-08-09T15:10:23.428+0200][gc,init] Pre-touch: Disabled
[2024-08-09T15:10:23.429+0200][gc,init] Parallel Workers: 8
[2024-08-09T15:10:23.429+0200][gc,init] Concurrent Workers: 2
[2024-08-09T15:10:23.429+0200][gc,init] Concurrent Refinement Workers: 8
[2024-08-09T15:10:23.429+0200][gc,init] Periodic GC: Disabled
[2024-08-09T15:10:23.432+0200][gc,metaspace] CDS archive(s) mapped at: [0x00007f7733000000-0x00007f7733bc4000-0x00007f7733bc4000), size 12337152, SharedBaseAddress: 0x00007f7733000000, ArchiveRelocationMode: 1.
[2024-08-09T15:10:23.432+0200][gc,metaspace] Compressed class space mapped at: 0x00007f7734000000-0x00007f7774000000, reserved size: 1073741824
[2024-08-09T15:10:23.433+0200][gc,metaspace] Narrow klass base: 0x00007f7733000000, Narrow klass shift: 0, Narrow klass range: 0x100000000
[2024-08-09T15:10:24.646+0200][gc,start    ] GC(0) Pause Young (Normal) (G1 Evacuation Pause)
[2024-08-09T15:10:24.647+0200][gc,task     ] GC(0) Using 8 workers of 8 for evacuation
[2024-08-09T15:10:24.653+0200][gc,phases   ] GC(0)   Pre Evacuate Collection Set: 0.1ms
[2024-08-09T15:10:24.653+0200][gc,phases   ] GC(0)   Merge Heap Roots: 0.1ms
[2024-08-09T15:10:24.653+0200][gc,phases   ] GC(0)   Evacuate Collection Set: 5.0ms
[2024-08-09T15:10:24.653+0200][gc,phases   ] GC(0)   Post Evacuate Collection Set: 0.5ms
[2024-08-09T15:10:24.653+0200][gc,phases   ] GC(0)   Other: 1.0ms
[2024-08-09T15:10:24.654+0200][gc,heap     ] GC(0) Eden regions: 51->0(44)
[2024-08-09T15:10:24.654+0200][gc,heap     ] GC(0) Survivor regions: 0->7(7)
[2024-08-09T15:10:24.654+0200][gc,heap     ] GC(0) Old regions: 0->2
[2024-08-09T15:10:24.654+0200][gc,heap     ] GC(0) Archive regions: 2->2
[2024-08-09T15:10:24.654+0200][gc,heap     ] GC(0) Humongous regions: 0->0
[2024-08-09T15:10:24.654+0200][gc,metaspace] GC(0) Metaspace: 18147K(18368K)->18147K(18368K) NonClass: 15956K(16064K)->15956K(16064K) Class: 2190K(2304K)->2190K(2304K)
[2024-08-09T15:10:24.654+0200][gc          ] GC(0) Pause Young (Normal) (G1 Evacuation Pause) 51M->8M(1024M) 7.943ms
[2024-08-09T15:10:24.654+0200][gc,cpu      ] GC(0) User=0.03s Sys=0.01s Real=0.00s
[2024-08-09T15:10:24.822+0200][gc,heap,exit] Heap
[2024-08-09T15:10:24.822+0200][gc,heap,exit]  garbage-first heap   total 1048576K, used 13224K [0x00000000c0000000, 0x0000000100000000)
[2024-08-09T15:10:24.822+0200][gc,heap,exit]   region size 1024K, 11 young (11264K), 7 survivors (7168K)
[2024-08-09T15:10:24.822+0200][gc,heap,exit]  Metaspace       used 19081K, committed 19328K, reserved 1114112K
[2024-08-09T15:10:24.823+0200][gc,heap,exit]   class space    used 2304K, committed 2432K, reserved 1048576K
