[2024-08-09T15:14:53.863+0200][gc] Using G1
[2024-08-09T15:14:53.867+0200][gc,init] Version: 17.0.12+7-Ubuntu-1ubuntu222.04 (release)
[2024-08-09T15:14:53.867+0200][gc,init] CPUs: 8 total, 8 available
[2024-08-09T15:14:53.867+0200][gc,init] Memory: 7863M
[2024-08-09T15:14:53.867+0200][gc,init] Large Page Support: Disabled
[2024-08-09T15:14:53.867+0200][gc,init] NUMA Support: Disabled
[2024-08-09T15:14:53.867+0200][gc,init] Compressed Oops: Enabled (32-bit)
[2024-08-09T15:14:53.868+0200][gc,init] Heap Region Size: 1M
[2024-08-09T15:14:53.868+0200][gc,init] Heap Min Capacity: 1G
[2024-08-09T15:14:53.868+0200][gc,init] Heap Initial Capacity: 1G
[2024-08-09T15:14:53.868+0200][gc,init] Heap Max Capacity: 1G
[2024-08-09T15:14:53.868+0200][gc,init] Pre-touch: Disabled
[2024-08-09T15:14:53.868+0200][gc,init] Parallel Workers: 8
[2024-08-09T15:14:53.868+0200][gc,init] Concurrent Workers: 2
[2024-08-09T15:14:53.869+0200][gc,init] Concurrent Refinement Workers: 8
[2024-08-09T15:14:53.869+0200][gc,init] Periodic GC: Disabled
[2024-08-09T15:14:53.872+0200][gc,metaspace] CDS archive(s) mapped at: [0x00007efb8f000000-0x00007efb8fbc4000-0x00007efb8fbc4000), size 12337152, SharedBaseAddress: 0x00007efb8f000000, ArchiveRelocationMode: 1.
[2024-08-09T15:14:53.872+0200][gc,metaspace] Compressed class space mapped at: 0x00007efb90000000-0x00007efbd0000000, reserved size: 1073741824
[2024-08-09T15:14:53.872+0200][gc,metaspace] Narrow klass base: 0x00007efb8f000000, Narrow klass shift: 0, Narrow klass range: 0x100000000
[2024-08-09T15:14:55.191+0200][gc,start    ] GC(0) Pause Young (Normal) (G1 Evacuation Pause)
[2024-08-09T15:14:55.192+0200][gc,task     ] GC(0) Using 8 workers of 8 for evacuation
[2024-08-09T15:14:55.198+0200][gc,phases   ] GC(0)   Pre Evacuate Collection Set: 0.1ms
[2024-08-09T15:14:55.198+0200][gc,phases   ] GC(0)   Merge Heap Roots: 0.1ms
[2024-08-09T15:14:55.198+0200][gc,phases   ] GC(0)   Evacuate Collection Set: 4.6ms
[2024-08-09T15:14:55.198+0200][gc,phases   ] GC(0)   Post Evacuate Collection Set: 0.7ms
[2024-08-09T15:14:55.199+0200][gc,phases   ] GC(0)   Other: 1.6ms
[2024-08-09T15:14:55.199+0200][gc,heap     ] GC(0) Eden regions: 51->0(44)
[2024-08-09T15:14:55.199+0200][gc,heap     ] GC(0) Survivor regions: 0->7(7)
[2024-08-09T15:14:55.199+0200][gc,heap     ] GC(0) Old regions: 0->1
[2024-08-09T15:14:55.199+0200][gc,heap     ] GC(0) Archive regions: 2->2
[2024-08-09T15:14:55.199+0200][gc,heap     ] GC(0) Humongous regions: 0->0
[2024-08-09T15:14:55.199+0200][gc,metaspace] GC(0) Metaspace: 18230K(18432K)->18230K(18432K) NonClass: 16028K(16128K)->16028K(16128K) Class: 2202K(2304K)->2202K(2304K)
[2024-08-09T15:14:55.199+0200][gc          ] GC(0) Pause Young (Normal) (G1 Evacuation Pause) 51M->8M(1024M) 8.431ms
[2024-08-09T15:14:55.199+0200][gc,cpu      ] GC(0) User=0.00s Sys=0.04s Real=0.01s
[2024-08-09T15:14:55.411+0200][gc,start    ] GC(1) Pause Young (Concurrent Start) (Metadata GC Threshold)
[2024-08-09T15:14:55.411+0200][gc,task     ] GC(1) Using 8 workers of 8 for evacuation
[2024-08-09T15:14:55.416+0200][gc,phases   ] GC(1)   Pre Evacuate Collection Set: 0.1ms
[2024-08-09T15:14:55.416+0200][gc,phases   ] GC(1)   Merge Heap Roots: 0.1ms
[2024-08-09T15:14:55.416+0200][gc,phases   ] GC(1)   Evacuate Collection Set: 3.6ms
[2024-08-09T15:14:55.416+0200][gc,phases   ] GC(1)   Post Evacuate Collection Set: 0.4ms
[2024-08-09T15:14:55.417+0200][gc,phases   ] GC(1)   Other: 0.4ms
[2024-08-09T15:14:55.417+0200][gc,heap     ] GC(1) Eden regions: 12->0(50)
[2024-08-09T15:14:55.417+0200][gc,heap     ] GC(1) Survivor regions: 7->1(7)
[2024-08-09T15:14:55.417+0200][gc,heap     ] GC(1) Old regions: 1->8
[2024-08-09T15:14:55.417+0200][gc,heap     ] GC(1) Archive regions: 2->2
[2024-08-09T15:14:55.417+0200][gc,heap     ] GC(1) Humongous regions: 0->0
[2024-08-09T15:14:55.417+0200][gc,metaspace] GC(1) Metaspace: 21354K(21504K)->21354K(21504K) NonClass: 18753K(18816K)->18753K(18816K) Class: 2601K(2688K)->2601K(2688K)
[2024-08-09T15:14:55.417+0200][gc          ] GC(1) Pause Young (Concurrent Start) (Metadata GC Threshold) 20M->9M(1024M) 6.268ms
[2024-08-09T15:14:55.418+0200][gc,cpu      ] GC(1) User=0.02s Sys=0.01s Real=0.01s
[2024-08-09T15:14:55.418+0200][gc          ] GC(2) Concurrent Mark Cycle
[2024-08-09T15:14:55.418+0200][gc,marking  ] GC(2) Concurrent Clear Claimed Marks
[2024-08-09T15:14:55.418+0200][gc,marking  ] GC(2) Concurrent Clear Claimed Marks 0.153ms
[2024-08-09T15:14:55.418+0200][gc,marking  ] GC(2) Concurrent Scan Root Regions
[2024-08-09T15:14:55.420+0200][gc,marking  ] GC(2) Concurrent Scan Root Regions 1.535ms
[2024-08-09T15:14:55.420+0200][gc,marking  ] GC(2) Concurrent Mark
[2024-08-09T15:14:55.420+0200][gc,marking  ] GC(2) Concurrent Mark From Roots
[2024-08-09T15:14:55.420+0200][gc,task     ] GC(2) Using 2 workers of 2 for marking
[2024-08-09T15:14:55.421+0200][gc,marking  ] GC(2) Concurrent Mark From Roots 1.412ms
[2024-08-09T15:14:55.422+0200][gc,marking  ] GC(2) Concurrent Preclean
[2024-08-09T15:14:55.422+0200][gc,marking  ] GC(2) Concurrent Preclean 0.157ms
[2024-08-09T15:14:55.422+0200][gc,start    ] GC(2) Pause Remark
[2024-08-09T15:14:55.423+0200][gc          ] GC(2) Pause Remark 9M->9M(1024M) 1.494ms
[2024-08-09T15:14:55.424+0200][gc,cpu      ] GC(2) User=0.01s Sys=0.00s Real=0.00s
[2024-08-09T15:14:55.424+0200][gc,marking  ] GC(2) Concurrent Mark 3.815ms
[2024-08-09T15:14:55.424+0200][gc,marking  ] GC(2) Concurrent Rebuild Remembered Sets
[2024-08-09T15:14:55.425+0200][gc,marking  ] GC(2) Concurrent Rebuild Remembered Sets 1.593ms
[2024-08-09T15:14:55.426+0200][gc,start    ] GC(2) Pause Cleanup
[2024-08-09T15:14:55.426+0200][gc          ] GC(2) Pause Cleanup 9M->9M(1024M) 0.270ms
[2024-08-09T15:14:55.426+0200][gc,cpu      ] GC(2) User=0.00s Sys=0.00s Real=0.00s
[2024-08-09T15:14:55.426+0200][gc,marking  ] GC(2) Concurrent Cleanup for Next Mark
[2024-08-09T15:14:55.429+0200][gc,marking  ] GC(2) Concurrent Cleanup for Next Mark 3.032ms
[2024-08-09T15:14:55.429+0200][gc          ] GC(2) Concurrent Mark Cycle 11.707ms
[2024-08-09T15:14:56.185+0200][gc,start    ] GC(3) Pause Young (Normal) (G1 Evacuation Pause)
[2024-08-09T15:14:56.185+0200][gc,task     ] GC(3) Using 8 workers of 8 for evacuation
[2024-08-09T15:14:56.189+0200][gc,phases   ] GC(3)   Pre Evacuate Collection Set: 0.2ms
[2024-08-09T15:14:56.189+0200][gc,phases   ] GC(3)   Merge Heap Roots: 0.1ms
[2024-08-09T15:14:56.189+0200][gc,phases   ] GC(3)   Evacuate Collection Set: 2.5ms
[2024-08-09T15:14:56.189+0200][gc,phases   ] GC(3)   Post Evacuate Collection Set: 0.5ms
[2024-08-09T15:14:56.189+0200][gc,phases   ] GC(3)   Other: 0.4ms
[2024-08-09T15:14:56.189+0200][gc,heap     ] GC(3) Eden regions: 50->0(45)
[2024-08-09T15:14:56.189+0200][gc,heap     ] GC(3) Survivor regions: 1->6(7)
[2024-08-09T15:14:56.189+0200][gc,heap     ] GC(3) Old regions: 8->8
[2024-08-09T15:14:56.190+0200][gc,heap     ] GC(3) Archive regions: 2->2
[2024-08-09T15:14:56.190+0200][gc,heap     ] GC(3) Humongous regions: 129->129
[2024-08-09T15:14:56.190+0200][gc,metaspace] GC(3) Metaspace: 32651K(32960K)->32651K(32960K) NonClass: 28953K(29120K)->28953K(29120K) Class: 3697K(3840K)->3697K(3840K)
[2024-08-09T15:14:56.190+0200][gc          ] GC(3) Pause Young (Normal) (G1 Evacuation Pause) 188M->143M(1024M) 4.976ms
[2024-08-09T15:14:56.190+0200][gc,cpu      ] GC(3) User=0.03s Sys=0.01s Real=0.01s
[2024-08-09T15:14:56.330+0200][gc,start    ] GC(4) Pause Young (Concurrent Start) (Metadata GC Threshold)
[2024-08-09T15:14:56.330+0200][gc,task     ] GC(4) Using 8 workers of 8 for evacuation
[2024-08-09T15:14:56.336+0200][gc,phases   ] GC(4)   Pre Evacuate Collection Set: 0.2ms
[2024-08-09T15:14:56.336+0200][gc,phases   ] GC(4)   Merge Heap Roots: 0.1ms
[2024-08-09T15:14:56.336+0200][gc,phases   ] GC(4)   Evacuate Collection Set: 4.4ms
[2024-08-09T15:14:56.336+0200][gc,phases   ] GC(4)   Post Evacuate Collection Set: 0.5ms
[2024-08-09T15:14:56.336+0200][gc,phases   ] GC(4)   Other: 0.4ms
[2024-08-09T15:14:56.336+0200][gc,heap     ] GC(4) Eden regions: 14->0(49)
[2024-08-09T15:14:56.336+0200][gc,heap     ] GC(4) Survivor regions: 6->2(7)
[2024-08-09T15:14:56.336+0200][gc,heap     ] GC(4) Old regions: 8->14
[2024-08-09T15:14:56.337+0200][gc,heap     ] GC(4) Archive regions: 2->2
[2024-08-09T15:14:56.337+0200][gc,heap     ] GC(4) Humongous regions: 129->129
[2024-08-09T15:14:56.337+0200][gc,metaspace] GC(4) Metaspace: 35626K(35968K)->35626K(35968K) NonClass: 31514K(31680K)->31514K(31680K) Class: 4112K(4288K)->4112K(4288K)
[2024-08-09T15:14:56.337+0200][gc          ] GC(4) Pause Young (Concurrent Start) (Metadata GC Threshold) 157M->144M(1024M) 7.038ms
[2024-08-09T15:14:56.337+0200][gc,cpu      ] GC(4) User=0.04s Sys=0.00s Real=0.01s
[2024-08-09T15:14:56.337+0200][gc          ] GC(5) Concurrent Mark Cycle
[2024-08-09T15:14:56.337+0200][gc,marking  ] GC(5) Concurrent Clear Claimed Marks
[2024-08-09T15:14:56.337+0200][gc,marking  ] GC(5) Concurrent Clear Claimed Marks 0.121ms
[2024-08-09T15:14:56.337+0200][gc,marking  ] GC(5) Concurrent Scan Root Regions
[2024-08-09T15:14:56.340+0200][gc,marking  ] GC(5) Concurrent Scan Root Regions 2.877ms
[2024-08-09T15:14:56.341+0200][gc,marking  ] GC(5) Concurrent Mark
[2024-08-09T15:14:56.341+0200][gc,marking  ] GC(5) Concurrent Mark From Roots
[2024-08-09T15:14:56.341+0200][gc,task     ] GC(5) Using 2 workers of 2 for marking
[2024-08-09T15:14:56.346+0200][gc,marking  ] GC(5) Concurrent Mark From Roots 5.501ms
[2024-08-09T15:14:56.348+0200][gc,marking  ] GC(5) Concurrent Preclean
[2024-08-09T15:14:56.348+0200][gc,marking  ] GC(5) Concurrent Preclean 0.348ms
[2024-08-09T15:14:56.349+0200][gc,start    ] GC(5) Pause Remark
[2024-08-09T15:14:56.350+0200][gc          ] GC(5) Pause Remark 145M->145M(1024M) 1.429ms
[2024-08-09T15:14:56.350+0200][gc,cpu      ] GC(5) User=0.01s Sys=0.00s Real=0.00s
[2024-08-09T15:14:56.350+0200][gc,marking  ] GC(5) Concurrent Mark 9.843ms
[2024-08-09T15:14:56.351+0200][gc,marking  ] GC(5) Concurrent Rebuild Remembered Sets
[2024-08-09T15:14:56.355+0200][gc,marking  ] GC(5) Concurrent Rebuild Remembered Sets 4.563ms
[2024-08-09T15:14:56.355+0200][gc,start    ] GC(5) Pause Cleanup
[2024-08-09T15:14:56.356+0200][gc          ] GC(5) Pause Cleanup 145M->145M(1024M) 0.278ms
[2024-08-09T15:14:56.356+0200][gc,cpu      ] GC(5) User=0.00s Sys=0.00s Real=0.00s
[2024-08-09T15:14:56.356+0200][gc,marking  ] GC(5) Concurrent Cleanup for Next Mark
[2024-08-09T15:14:56.358+0200][gc,marking  ] GC(5) Concurrent Cleanup for Next Mark 2.061ms
[2024-08-09T15:14:56.358+0200][gc          ] GC(5) Concurrent Mark Cycle 21.239ms
[2024-08-09T15:15:08.198+0200][gc,heap,exit] Heap
[2024-08-09T15:15:08.198+0200][gc,heap,exit]  garbage-first heap   total 1048576K, used 172799K [0x00000000c0000000, 0x0000000100000000)
[2024-08-09T15:15:08.198+0200][gc,heap,exit]   region size 1024K, 27 young (27648K), 2 survivors (2048K)
[2024-08-09T15:15:08.198+0200][gc,heap,exit]  Metaspace       used 38870K, committed 39232K, reserved 1114112K
[2024-08-09T15:15:08.198+0200][gc,heap,exit]   class space    used 4715K, committed 4864K, reserved 1048576K
