[2024-08-09T15:19:47.907+0200][gc] Using G1
[2024-08-09T15:19:47.911+0200][gc,init] Version: 17.0.12+7-Ubuntu-1ubuntu222.04 (release)
[2024-08-09T15:19:47.911+0200][gc,init] CPUs: 8 total, 8 available
[2024-08-09T15:19:47.911+0200][gc,init] Memory: 7863M
[2024-08-09T15:19:47.912+0200][gc,init] Large Page Support: Disabled
[2024-08-09T15:19:47.912+0200][gc,init] NUMA Support: Disabled
[2024-08-09T15:19:47.912+0200][gc,init] Compressed Oops: Enabled (32-bit)
[2024-08-09T15:19:47.912+0200][gc,init] Heap Region Size: 1M
[2024-08-09T15:19:47.912+0200][gc,init] Heap Min Capacity: 1G
[2024-08-09T15:19:47.912+0200][gc,init] Heap Initial Capacity: 1G
[2024-08-09T15:19:47.913+0200][gc,init] Heap Max Capacity: 1G
[2024-08-09T15:19:47.913+0200][gc,init] Pre-touch: Disabled
[2024-08-09T15:19:47.913+0200][gc,init] Parallel Workers: 8
[2024-08-09T15:19:47.913+0200][gc,init] Concurrent Workers: 2
[2024-08-09T15:19:47.913+0200][gc,init] Concurrent Refinement Workers: 8
[2024-08-09T15:19:47.913+0200][gc,init] Periodic GC: Disabled
[2024-08-09T15:19:47.917+0200][gc,metaspace] CDS archive(s) mapped at: [0x00007fa60b000000-0x00007fa60bbc4000-0x00007fa60bbc4000), size 12337152, SharedBaseAddress: 0x00007fa60b000000, ArchiveRelocationMode: 1.
[2024-08-09T15:19:47.917+0200][gc,metaspace] Compressed class space mapped at: 0x00007fa60c000000-0x00007fa64c000000, reserved size: 1073741824
[2024-08-09T15:19:47.917+0200][gc,metaspace] Narrow klass base: 0x00007fa60b000000, Narrow klass shift: 0, Narrow klass range: 0x100000000
[2024-08-09T15:19:49.400+0200][gc,start    ] GC(0) Pause Young (Normal) (G1 Evacuation Pause)
[2024-08-09T15:19:49.401+0200][gc,task     ] GC(0) Using 8 workers of 8 for evacuation
[2024-08-09T15:19:49.406+0200][gc,phases   ] GC(0)   Pre Evacuate Collection Set: 0.1ms
[2024-08-09T15:19:49.406+0200][gc,phases   ] GC(0)   Merge Heap Roots: 0.1ms
[2024-08-09T15:19:49.406+0200][gc,phases   ] GC(0)   Evacuate Collection Set: 4.4ms
[2024-08-09T15:19:49.406+0200][gc,phases   ] GC(0)   Post Evacuate Collection Set: 0.6ms
[2024-08-09T15:19:49.406+0200][gc,phases   ] GC(0)   Other: 0.9ms
[2024-08-09T15:19:49.406+0200][gc,heap     ] GC(0) Eden regions: 51->0(44)
[2024-08-09T15:19:49.407+0200][gc,heap     ] GC(0) Survivor regions: 0->7(7)
[2024-08-09T15:19:49.407+0200][gc,heap     ] GC(0) Old regions: 0->2
[2024-08-09T15:19:49.407+0200][gc,heap     ] GC(0) Archive regions: 2->2
[2024-08-09T15:19:49.407+0200][gc,heap     ] GC(0) Humongous regions: 0->0
[2024-08-09T15:19:49.407+0200][gc,metaspace] GC(0) Metaspace: 18118K(18304K)->18118K(18304K) NonClass: 15929K(16000K)->15929K(16000K) Class: 2188K(2304K)->2188K(2304K)
[2024-08-09T15:19:49.407+0200][gc          ] GC(0) Pause Young (Normal) (G1 Evacuation Pause) 51M->9M(1024M) 7.218ms
[2024-08-09T15:19:49.407+0200][gc,cpu      ] GC(0) User=0.03s Sys=0.00s Real=0.01s
[2024-08-09T15:19:49.662+0200][gc,start    ] GC(1) Pause Young (Concurrent Start) (Metadata GC Threshold)
[2024-08-09T15:19:49.662+0200][gc,task     ] GC(1) Using 8 workers of 8 for evacuation
[2024-08-09T15:19:49.667+0200][gc,phases   ] GC(1)   Pre Evacuate Collection Set: 0.2ms
[2024-08-09T15:19:49.667+0200][gc,phases   ] GC(1)   Merge Heap Roots: 0.1ms
[2024-08-09T15:19:49.667+0200][gc,phases   ] GC(1)   Evacuate Collection Set: 3.6ms
[2024-08-09T15:19:49.667+0200][gc,phases   ] GC(1)   Post Evacuate Collection Set: 0.7ms
[2024-08-09T15:19:49.667+0200][gc,phases   ] GC(1)   Other: 0.4ms
[2024-08-09T15:19:49.667+0200][gc,heap     ] GC(1) Eden regions: 13->0(49)
[2024-08-09T15:19:49.667+0200][gc,heap     ] GC(1) Survivor regions: 7->2(7)
[2024-08-09T15:19:49.668+0200][gc,heap     ] GC(1) Old regions: 2->9
[2024-08-09T15:19:49.668+0200][gc,heap     ] GC(1) Archive regions: 2->2
[2024-08-09T15:19:49.668+0200][gc,heap     ] GC(1) Humongous regions: 0->0
[2024-08-09T15:19:49.668+0200][gc,metaspace] GC(1) Metaspace: 21311K(21504K)->21311K(21504K) NonClass: 18726K(18816K)->18726K(18816K) Class: 2584K(2688K)->2584K(2688K)
[2024-08-09T15:19:49.668+0200][gc          ] GC(1) Pause Young (Concurrent Start) (Metadata GC Threshold) 21M->10M(1024M) 6.218ms
[2024-08-09T15:19:49.668+0200][gc,cpu      ] GC(1) User=0.02s Sys=0.00s Real=0.00s
[2024-08-09T15:19:49.668+0200][gc          ] GC(2) Concurrent Mark Cycle
[2024-08-09T15:19:49.668+0200][gc,marking  ] GC(2) Concurrent Clear Claimed Marks
[2024-08-09T15:19:49.668+0200][gc,marking  ] GC(2) Concurrent Clear Claimed Marks 0.142ms
[2024-08-09T15:19:49.669+0200][gc,marking  ] GC(2) Concurrent Scan Root Regions
[2024-08-09T15:19:49.670+0200][gc,marking  ] GC(2) Concurrent Scan Root Regions 1.581ms
[2024-08-09T15:19:49.670+0200][gc,marking  ] GC(2) Concurrent Mark
[2024-08-09T15:19:49.670+0200][gc,marking  ] GC(2) Concurrent Mark From Roots
[2024-08-09T15:19:49.671+0200][gc,task     ] GC(2) Using 2 workers of 2 for marking
[2024-08-09T15:19:49.672+0200][gc,marking  ] GC(2) Concurrent Mark From Roots 1.575ms
[2024-08-09T15:19:49.672+0200][gc,marking  ] GC(2) Concurrent Preclean
[2024-08-09T15:19:49.672+0200][gc,marking  ] GC(2) Concurrent Preclean 0.151ms
[2024-08-09T15:19:49.673+0200][gc,start    ] GC(2) Pause Remark
[2024-08-09T15:19:49.674+0200][gc          ] GC(2) Pause Remark 10M->10M(1024M) 1.472ms
[2024-08-09T15:19:49.674+0200][gc,cpu      ] GC(2) User=0.00s Sys=0.00s Real=0.00s
[2024-08-09T15:19:49.674+0200][gc,marking  ] GC(2) Concurrent Mark 3.924ms
[2024-08-09T15:19:49.674+0200][gc,marking  ] GC(2) Concurrent Rebuild Remembered Sets
[2024-08-09T15:19:49.676+0200][gc,marking  ] GC(2) Concurrent Rebuild Remembered Sets 1.752ms
[2024-08-09T15:19:49.694+0200][gc,start    ] GC(2) Pause Cleanup
[2024-08-09T15:19:49.695+0200][gc          ] GC(2) Pause Cleanup 139M->139M(1024M) 0.506ms
[2024-08-09T15:19:49.695+0200][gc,cpu      ] GC(2) User=0.00s Sys=0.00s Real=0.00s
[2024-08-09T15:19:49.695+0200][gc,marking  ] GC(2) Concurrent Cleanup for Next Mark
[2024-08-09T15:19:49.698+0200][gc,marking  ] GC(2) Concurrent Cleanup for Next Mark 2.981ms
[2024-08-09T15:19:49.699+0200][gc          ] GC(2) Concurrent Mark Cycle 30.623ms
[2024-08-09T15:19:50.502+0200][gc,start    ] GC(3) Pause Young (Normal) (G1 Evacuation Pause)
[2024-08-09T15:19:50.502+0200][gc,task     ] GC(3) Using 8 workers of 8 for evacuation
[2024-08-09T15:19:50.505+0200][gc,phases   ] GC(3)   Pre Evacuate Collection Set: 0.2ms
[2024-08-09T15:19:50.505+0200][gc,phases   ] GC(3)   Merge Heap Roots: 0.1ms
[2024-08-09T15:19:50.506+0200][gc,phases   ] GC(3)   Evacuate Collection Set: 2.4ms
[2024-08-09T15:19:50.506+0200][gc,phases   ] GC(3)   Post Evacuate Collection Set: 0.5ms
[2024-08-09T15:19:50.506+0200][gc,phases   ] GC(3)   Other: 0.3ms
[2024-08-09T15:19:50.506+0200][gc,heap     ] GC(3) Eden regions: 49->0(44)
[2024-08-09T15:19:50.506+0200][gc,heap     ] GC(3) Survivor regions: 2->7(7)
[2024-08-09T15:19:50.506+0200][gc,heap     ] GC(3) Old regions: 9->9
[2024-08-09T15:19:50.506+0200][gc,heap     ] GC(3) Archive regions: 2->2
[2024-08-09T15:19:50.506+0200][gc,heap     ] GC(3) Humongous regions: 129->129
[2024-08-09T15:19:50.506+0200][gc,metaspace] GC(3) Metaspace: 32748K(33024K)->32748K(33024K) NonClass: 29018K(29184K)->29018K(29184K) Class: 3730K(3840K)->3730K(3840K)
[2024-08-09T15:19:50.506+0200][gc          ] GC(3) Pause Young (Normal) (G1 Evacuation Pause) 188M->144M(1024M) 4.550ms
[2024-08-09T15:19:50.506+0200][gc,cpu      ] GC(3) User=0.02s Sys=0.00s Real=0.00s
[2024-08-09T15:19:50.706+0200][gc,start    ] GC(4) Pause Young (Concurrent Start) (Metadata GC Threshold)
[2024-08-09T15:19:50.706+0200][gc,task     ] GC(4) Using 8 workers of 8 for evacuation
[2024-08-09T15:19:50.711+0200][gc,phases   ] GC(4)   Pre Evacuate Collection Set: 0.2ms
[2024-08-09T15:19:50.711+0200][gc,phases   ] GC(4)   Merge Heap Roots: 0.1ms
[2024-08-09T15:19:50.711+0200][gc,phases   ] GC(4)   Evacuate Collection Set: 4.2ms
[2024-08-09T15:19:50.712+0200][gc,phases   ] GC(4)   Post Evacuate Collection Set: 0.5ms
[2024-08-09T15:19:50.712+0200][gc,phases   ] GC(4)   Other: 0.3ms
[2024-08-09T15:19:50.712+0200][gc,heap     ] GC(4) Eden regions: 14->0(49)
[2024-08-09T15:19:50.712+0200][gc,heap     ] GC(4) Survivor regions: 7->2(7)
[2024-08-09T15:19:50.712+0200][gc,heap     ] GC(4) Old regions: 9->15
[2024-08-09T15:19:50.712+0200][gc,heap     ] GC(4) Archive regions: 2->2
[2024-08-09T15:19:50.712+0200][gc,heap     ] GC(4) Humongous regions: 129->129
[2024-08-09T15:19:50.712+0200][gc,metaspace] GC(4) Metaspace: 35622K(35968K)->35622K(35968K) NonClass: 31514K(31680K)->31514K(31680K) Class: 4108K(4288K)->4108K(4288K)
[2024-08-09T15:19:50.712+0200][gc          ] GC(4) Pause Young (Concurrent Start) (Metadata GC Threshold) 157M->145M(1024M) 6.447ms
[2024-08-09T15:19:50.712+0200][gc,cpu      ] GC(4) User=0.00s Sys=0.03s Real=0.01s
[2024-08-09T15:19:50.713+0200][gc          ] GC(5) Concurrent Mark Cycle
[2024-08-09T15:19:50.713+0200][gc,marking  ] GC(5) Concurrent Clear Claimed Marks
[2024-08-09T15:19:50.713+0200][gc,marking  ] GC(5) Concurrent Clear Claimed Marks 0.157ms
[2024-08-09T15:19:50.713+0200][gc,marking  ] GC(5) Concurrent Scan Root Regions
[2024-08-09T15:19:50.715+0200][gc,marking  ] GC(5) Concurrent Scan Root Regions 2.002ms
[2024-08-09T15:19:50.715+0200][gc,marking  ] GC(5) Concurrent Mark
[2024-08-09T15:19:50.715+0200][gc,marking  ] GC(5) Concurrent Mark From Roots
[2024-08-09T15:19:50.715+0200][gc,task     ] GC(5) Using 2 workers of 2 for marking
[2024-08-09T15:19:50.719+0200][gc,marking  ] GC(5) Concurrent Mark From Roots 3.667ms
[2024-08-09T15:19:50.719+0200][gc,marking  ] GC(5) Concurrent Preclean
[2024-08-09T15:19:50.719+0200][gc,marking  ] GC(5) Concurrent Preclean 0.207ms
[2024-08-09T15:19:50.720+0200][gc,start    ] GC(5) Pause Remark
[2024-08-09T15:19:50.721+0200][gc          ] GC(5) Pause Remark 145M->145M(1024M) 1.323ms
[2024-08-09T15:19:50.721+0200][gc,cpu      ] GC(5) User=0.00s Sys=0.00s Real=0.01s
[2024-08-09T15:19:50.721+0200][gc,marking  ] GC(5) Concurrent Mark 6.035ms
[2024-08-09T15:19:50.721+0200][gc,marking  ] GC(5) Concurrent Rebuild Remembered Sets
[2024-08-09T15:19:50.725+0200][gc,marking  ] GC(5) Concurrent Rebuild Remembered Sets 3.567ms
[2024-08-09T15:19:50.725+0200][gc,start    ] GC(5) Pause Cleanup
[2024-08-09T15:19:50.726+0200][gc          ] GC(5) Pause Cleanup 145M->145M(1024M) 0.426ms
[2024-08-09T15:19:50.726+0200][gc,cpu      ] GC(5) User=0.00s Sys=0.00s Real=0.00s
[2024-08-09T15:19:50.726+0200][gc,marking  ] GC(5) Concurrent Cleanup for Next Mark
[2024-08-09T15:19:50.728+0200][gc,marking  ] GC(5) Concurrent Cleanup for Next Mark 2.328ms
[2024-08-09T15:19:50.729+0200][gc          ] GC(5) Concurrent Mark Cycle 15.952ms
