[2024-08-09T15:14:35.760+0200][gc] Using G1
[2024-08-09T15:14:35.762+0200][gc,init] Version: 17.0.12+7-Ubuntu-1ubuntu222.04 (release)
[2024-08-09T15:14:35.763+0200][gc,init] CPUs: 8 total, 8 available
[2024-08-09T15:14:35.763+0200][gc,init] Memory: 7863M
[2024-08-09T15:14:35.763+0200][gc,init] Large Page Support: Disabled
[2024-08-09T15:14:35.763+0200][gc,init] NUMA Support: Disabled
[2024-08-09T15:14:35.764+0200][gc,init] Compressed Oops: Enabled (32-bit)
[2024-08-09T15:14:35.764+0200][gc,init] Heap Region Size: 1M
[2024-08-09T15:14:35.764+0200][gc,init] Heap Min Capacity: 512M
[2024-08-09T15:14:35.764+0200][gc,init] Heap Initial Capacity: 512M
[2024-08-09T15:14:35.764+0200][gc,init] Heap Max Capacity: 512M
[2024-08-09T15:14:35.764+0200][gc,init] Pre-touch: Disabled
[2024-08-09T15:14:35.764+0200][gc,init] Parallel Workers: 8
[2024-08-09T15:14:35.764+0200][gc,init] Concurrent Workers: 2
[2024-08-09T15:14:35.765+0200][gc,init] Concurrent Refinement Workers: 8
[2024-08-09T15:14:35.765+0200][gc,init] Periodic GC: Disabled
[2024-08-09T15:14:35.768+0200][gc,metaspace] CDS archive(s) mapped at: [0x00007fa0cb000000-0x00007fa0cbbc4000-0x00007fa0cbbc4000), size 12337152, SharedBaseAddress: 0x00007fa0cb000000, ArchiveRelocationMode: 1.
[2024-08-09T15:14:35.768+0200][gc,metaspace] Compressed class space mapped at: 0x00007fa0cc000000-0x00007fa10c000000, reserved size: 1073741824
[2024-08-09T15:14:35.769+0200][gc,metaspace] Narrow klass base: 0x00007fa0cb000000, Narrow klass shift: 0, Narrow klass range: 0x100000000
[2024-08-09T15:14:36.401+0200][gc,heap,exit] Heap
[2024-08-09T15:14:36.401+0200][gc,heap,exit]  garbage-first heap   total 524288K, used 19376K [0x00000000e0000000, 0x0000000100000000)
[2024-08-09T15:14:36.401+0200][gc,heap,exit]   region size 1024K, 18 young (18432K), 0 survivors (0K)
[2024-08-09T15:14:36.401+0200][gc,heap,exit]  Metaspace       used 6991K, committed 7232K, reserved 1114112K
[2024-08-09T15:14:36.401+0200][gc,heap,exit]   class space    used 779K, committed 896K, reserved 1048576K
