[2024-08-09T15:14:28.499+0200][gc] Using G1
[2024-08-09T15:14:28.502+0200][gc,init] Version: 17.0.12+7-Ubuntu-1ubuntu222.04 (release)
[2024-08-09T15:14:28.502+0200][gc,init] CPUs: 8 total, 8 available
[2024-08-09T15:14:28.502+0200][gc,init] Memory: 7863M
[2024-08-09T15:14:28.502+0200][gc,init] Large Page Support: Disabled
[2024-08-09T15:14:28.502+0200][gc,init] NUMA Support: Disabled
[2024-08-09T15:14:28.503+0200][gc,init] Compressed Oops: Enabled (32-bit)
[2024-08-09T15:14:28.503+0200][gc,init] Heap Region Size: 1M
[2024-08-09T15:14:28.503+0200][gc,init] Heap Min Capacity: 512M
[2024-08-09T15:14:28.503+0200][gc,init] Heap Initial Capacity: 512M
[2024-08-09T15:14:28.503+0200][gc,init] Heap Max Capacity: 512M
[2024-08-09T15:14:28.503+0200][gc,init] Pre-touch: Disabled
[2024-08-09T15:14:28.503+0200][gc,init] Parallel Workers: 8
[2024-08-09T15:14:28.503+0200][gc,init] Concurrent Workers: 2
[2024-08-09T15:14:28.504+0200][gc,init] Concurrent Refinement Workers: 8
[2024-08-09T15:14:28.504+0200][gc,init] Periodic GC: Disabled
[2024-08-09T15:14:28.507+0200][gc,metaspace] CDS archive(s) mapped at: [0x00007f96fb000000-0x00007f96fbbc4000-0x00007f96fbbc4000), size 12337152, SharedBaseAddress: 0x00007f96fb000000, ArchiveRelocationMode: 1.
[2024-08-09T15:14:28.507+0200][gc,metaspace] Compressed class space mapped at: 0x00007f96fc000000-0x00007f973c000000, reserved size: 1073741824
[2024-08-09T15:14:28.508+0200][gc,metaspace] Narrow klass base: 0x00007f96fb000000, Narrow klass shift: 0, Narrow klass range: 0x100000000
[2024-08-09T15:14:55.006+0200][gc,start    ] GC(0) Pause Young (Normal) (G1 Evacuation Pause)
[2024-08-09T15:14:55.007+0200][gc,task     ] GC(0) Using 8 workers of 8 for evacuation
[2024-08-09T15:14:55.013+0200][gc,phases   ] GC(0)   Pre Evacuate Collection Set: 0.1ms
[2024-08-09T15:14:55.013+0200][gc,phases   ] GC(0)   Merge Heap Roots: 0.1ms
[2024-08-09T15:14:55.013+0200][gc,phases   ] GC(0)   Evacuate Collection Set: 5.0ms
[2024-08-09T15:14:55.013+0200][gc,phases   ] GC(0)   Post Evacuate Collection Set: 0.5ms
[2024-08-09T15:14:55.013+0200][gc,phases   ] GC(0)   Other: 1.0ms
[2024-08-09T15:14:55.013+0200][gc,heap     ] GC(0) Eden regions: 25->0(21)
[2024-08-09T15:14:55.013+0200][gc,heap     ] GC(0) Survivor regions: 0->4(4)
[2024-08-09T15:14:55.014+0200][gc,heap     ] GC(0) Old regions: 0->5
[2024-08-09T15:14:55.014+0200][gc,heap     ] GC(0) Archive regions: 2->2
[2024-08-09T15:14:55.014+0200][gc,heap     ] GC(0) Humongous regions: 0->0
[2024-08-09T15:14:55.014+0200][gc,metaspace] GC(0) Metaspace: 8192K(8384K)->8192K(8384K) NonClass: 7274K(7360K)->7274K(7360K) Class: 917K(1024K)->917K(1024K)
[2024-08-09T15:14:55.014+0200][gc          ] GC(0) Pause Young (Normal) (G1 Evacuation Pause) 25M->9M(512M) 8.013ms
[2024-08-09T15:14:55.014+0200][gc,cpu      ] GC(0) User=0.03s Sys=0.01s Real=0.00s
[2024-08-09T15:15:10.713+0200][gc,heap,exit] Heap
[2024-08-09T15:15:10.713+0200][gc,heap,exit]  garbage-first heap   total 524288K, used 13152K [0x00000000e0000000, 0x0000000100000000)
[2024-08-09T15:15:10.713+0200][gc,heap,exit]   region size 1024K, 8 young (8192K), 4 survivors (4096K)
[2024-08-09T15:15:10.713+0200][gc,heap,exit]  Metaspace       used 8489K, committed 8704K, reserved 1114112K
[2024-08-09T15:15:10.714+0200][gc,heap,exit]   class space    used 940K, committed 1024K, reserved 1048576K
